Started monitor pid=2049 log=/Users/ryanbaltodano/Developer/Aquinas_Backend/runs/dwq-controlled/2026-08-13-128-prepare/monitor.jsonl
MLX limits: cache 24481313587 -> 0; wired 0 -> 19069665280
MEMORY {"active_bytes": 8, "cache_bytes": 0, "event": "baseline", "iteration": 0, "peak_bytes": 8, "timestamp": 1786671239.667681}
Loading model (strict=False to drop unused shared-KV weights)...
Loading data...
Loading Hugging Face dataset data/training_data.
train=512 valid=32
Quantizing student model...
[INFO] Quantized model with 8.500 bits per weight.
Run status: failed
Restored MLX cache limit 0 -> 24481313587
Restored MLX wired limit 19069665280 -> 0
Traceback (most recent call last):
  File "/Users/ryanbaltodano/Developer/Aquinas_Backend/scripts/dwq_full_run.py", line 575, in <module>
    main()
    ~~~~^^
  File "/Users/ryanbaltodano/Developer/Aquinas_Backend/scripts/dwq_full_run.py", line 328, in main
    trainable, total, ratio = parameter_counts(student)
                              ~~~~~~~~~~~~~~~~^^^^^^^^^
  File "/Users/ryanbaltodano/Developer/Aquinas_Backend/scripts/dwq_full_run.py", line 228, in parameter_counts
    raise RuntimeError(
    ...<2 lines>...
    )
RuntimeError: Unexpected trainable ratio 11.130636% (144919843/1301990691); the 8-bit unfreeze gate may be missing or the model changed.
